// Jest Snapshot v1, https://goo.gl/fbAQLP

exports[`class TodoSearch extends _react.Component {constructor(...args) {var _temp;return _temp = super(...args), this.
		handleSearch = () => {
			const searchInput = this.searchInput.value;
			// passed down from parent component
			this.props.onSearch(searchInput);
		}, this.

		handleCheckbox = e => {
			const showCompleted = e.target.checked;
			// passed down from parent component
			this.props.onCheckbox(showCompleted);
		}, _temp;}

	render() {
		return (
			_react2.default.createElement('form', { __source: { fileName: _jsxFileName, lineNumber: 19 }, __self: this },
				_react2.default.createElement(_reactBootstrap.FormGroup, { __source: { fileName: _jsxFileName, lineNumber: 20 }, __self: this },
					_react2.default.createElement(_reactBootstrap.FormControl, {
						type: 'search',
						className: 'todoSearchInput',
						placeholder: 'Search',
						inputRef: input => this.searchInput = input,
						onChange: this.handleSearch, __source: { fileName: _jsxFileName, lineNumber: 21 }, __self: this }),

					_react2.default.createElement(_reactBootstrap.Checkbox, { checked: this.props.checked, onChange: this.handleCheckbox, __source: { fileName: _jsxFileName, lineNumber: 28 }, __self: this }, 'Show completed todos'))));





	}} should exist 1`] = `
<form>
  <div
    className="form-group"
  >
    <input
      className="todoSearchInput form-control"
      id={undefined}
      onChange={[Function]}
      placeholder="Search"
      type="search"
    />
    <div
      className="checkbox"
      style={undefined}
    >
      <label
        title=""
      >
        <input
          checked={undefined}
          disabled={false}
          onChange={[Function]}
          type="checkbox"
        />
        Show completed todos
      </label>
    </div>
  </div>
</form>
`;
