// Jest Snapshot v1, https://goo.gl/fbAQLP

exports[`class TodoApp extends _react.Component {
	constructor(props) {
		super(props);this.

















		handleAddTodo = text => {
			this.setState({
				todos: [
				...this.state.todos,
				{
					id: (0, _nodeUuid2.default)(),
					text,
					completed: false }] });



		};this.

		handleSearch = searchInput => {
			console.log('handleSearch: ', searchInput);
			this.setState({
				searchInput: searchInput.toLowerCase() });

		};this.

		handleCheckbox = showCompleted => {
			console.log('handleCheckbox: ', showCompleted);
			this.setState({
				showCompleted: showCompleted });

		};this.state = { showCompleted: false, searchInput: '', todos: [{ id: (0, _nodeUuid2.default)(), text: 'Talk the talk', completed: false }, { id: (0, _nodeUuid2.default)(), text: 'Walk the walk', completed: true }] };}

	render() {
		var { todos } = this.state;
		return (
			_react2.default.createElement(_reactBootstrap.Panel, { header: 'Dcard Todo Application', __source: { fileName: _jsxFileName, lineNumber: 58 }, __self: this },
				_react2.default.createElement(_TodoSearch2.default, {
					onSearch: this.handleSearch,
					onCheckbox: this.handleCheckbox,
					checked: this.state.showCompleted, __source: { fileName: _jsxFileName, lineNumber: 59 }, __self: this }),

				_react2.default.createElement(_TodoList2.default, { todos: todos, __source: { fileName: _jsxFileName, lineNumber: 64 }, __self: this }),
				_react2.default.createElement(_AddTodo2.default, { onAddTodo: this.handleAddTodo, __source: { fileName: _jsxFileName, lineNumber: 65 }, __self: this })));


	}} should exist 1`] = `
<div
  className="panel panel-default"
  id={undefined}
>
  <div
    className="panel-heading"
  >
    Dcard Todo Application
  </div>
  <div
    className="panel-body"
  >
    <form>
      <div
        className="form-group"
      >
        <input
          className="todoSearchInput form-control"
          id={undefined}
          onChange={[Function]}
          placeholder="Search"
          type="search"
        />
        <div
          className="checkbox"
          style={undefined}
        >
          <label
            title=""
          >
            <input
              checked={false}
              disabled={false}
              onChange={[Function]}
              type="checkbox"
            />
            Show completed todos
          </label>
        </div>
      </div>
    </form>
    <div>
      <div>
        <p>
          <div
            className="checkbox"
            style={undefined}
          >
            <label
              title=""
            >
              <input
                checked={false}
                disabled={false}
                onChange={undefined}
                type="checkbox"
              />
              Show completed todos
            </label>
          </div>
          Talk the talk
        </p>
      </div>
      <div>
        <p>
          <div
            className="checkbox"
            style={undefined}
          >
            <label
              title=""
            >
              <input
                checked={true}
                disabled={false}
                onChange={undefined}
                type="checkbox"
              />
              Show completed todos
            </label>
          </div>
          Walk the walk
        </p>
      </div>
    </div>
    <form
      onSubmit={[Function]}
    >
      <div
        className="form-group"
      >
        <input
          className="todoInput form-control"
          id={undefined}
          onChange={[Function]}
          placeholder="...add your todo here"
          type="text"
        />
        <button
          className="btn btn-lg btn-primary btn-block"
          disabled={false}
          type="submit"
        >
          Add Todo
        </button>
      </div>
    </form>
  </div>
</div>
`;
