// Jest Snapshot v1, https://goo.gl/fbAQLP

exports[`class TodoList extends _react.Component {constructor(...args) {var _temp;return _temp = super(...args), this.
		renderTodos = () => {
			const { todos } = this.props;
			return todos.map(todo => {
				return (
					_react2.default.createElement(_TodoItem2.default, Object.assign({ key: todo.id }, todo, { onToggle: this.props.onToggle, __source: { fileName: _jsxFileName, lineNumber: 10 }, __self: this })));

			});
		}, _temp;}
	render() {
		return (
			_react2.default.createElement('div', { __source: { fileName: _jsxFileName, lineNumber: 16 }, __self: this },
				this.renderTodos()));


	}} should exist 1`] = `
<div>
  <div>
    <div
      className="checkbox"
      style={undefined}
    >
      <label
        title=""
      >
        <input
          checked={undefined}
          disabled={false}
          onChange={[Function]}
          type="checkbox"
        />
        Walk the walk
      </label>
    </div>
  </div>
  <div>
    <div
      className="checkbox"
      style={undefined}
    >
      <label
        title=""
      >
        <input
          checked={undefined}
          disabled={false}
          onChange={[Function]}
          type="checkbox"
        />
        Talk the talk
      </label>
    </div>
  </div>
  <div>
    <div
      className="checkbox"
      style={undefined}
    >
      <label
        title=""
      >
        <input
          checked={undefined}
          disabled={false}
          onChange={[Function]}
          type="checkbox"
        />
        Walk the cat
      </label>
    </div>
  </div>
</div>
`;
