// Jest Snapshot v1, https://goo.gl/fbAQLP

exports[`class App extends _react.Component {
	render() {
		return (
			_react2.default.createElement('div', { __source: { fileName: _jsxFileName, lineNumber: 9 }, __self: this },
				_react2.default.createElement(_TodoApp2.default, { __source: { fileName: _jsxFileName, lineNumber: 10 }, __self: this })));


	}} should exist 1`] = `
<div>
  <div
    className="panel panel-default"
    id={undefined}
  >
    <div
      className="panel-heading"
    >
      Dcard Todo Application
    </div>
    <div
      className="panel-body"
    >
      <form>
        <div
          className="form-group"
        >
          <input
            className="todoSearchInput form-control"
            id={undefined}
            onChange={[Function]}
            placeholder="Search"
            type="search"
          />
          <div
            className="checkbox"
            style={undefined}
          >
            <label
              title=""
            >
              <input
                checked={false}
                disabled={false}
                onChange={[Function]}
                type="checkbox"
              />
              Show completed todos
            </label>
          </div>
        </div>
      </form>
      <div>
        <div>
          <p>
            <div
              className="checkbox"
              style={undefined}
            >
              <label
                title=""
              >
                <input
                  checked={false}
                  disabled={false}
                  onChange={undefined}
                  type="checkbox"
                />
                Show completed todos
              </label>
            </div>
            Talk the talk
          </p>
        </div>
        <div>
          <p>
            <div
              className="checkbox"
              style={undefined}
            >
              <label
                title=""
              >
                <input
                  checked={true}
                  disabled={false}
                  onChange={undefined}
                  type="checkbox"
                />
                Show completed todos
              </label>
            </div>
            Walk the walk
          </p>
        </div>
      </div>
      <form
        onSubmit={[Function]}
      >
        <div
          className="form-group"
        >
          <input
            className="todoInput form-control"
            id={undefined}
            onChange={[Function]}
            placeholder="...add your todo here"
            type="text"
          />
          <button
            className="btn btn-lg btn-primary btn-block"
            disabled={false}
            type="submit"
          >
            Add Todo
          </button>
        </div>
      </form>
    </div>
  </div>
</div>
`;
